// Jest Snapshot v1, https://goo.gl/fbAQLP

exports[`Dashboard will match the snapshot 1`] = `
Object {
  "asFragment": [Function],
  "baseElement": <body>
    <div>
      <div>
        <div
          class="dropdown"
        >
          <button
            aria-expanded="false"
            class="dropdown-toggle btn btn-primary"
            id="dropdown-basic-button"
            type="button"
          >
            Show Polls
          </button>
        </div>
        <div
          class="container content-center"
        >
          <div>
            <h2>
              New Questions
            </h2>
            <div
              class="container"
            >
              <div
                class="Container container"
              >
                <div
                  class="Row row"
                >
                  <div
                    class="Col col-md-3"
                  >
                    <div>
                      <div
                        class="card"
                        style="width: 15rem;"
                      >
                        <div
                          class="card-body"
                        >
                          <h5
                            class="card-title"
                          >
                            mtsamis
                          </h5>
                          <h6
                            class="card-subtitle mb-2 text-muted"
                          >
                            9:16:PM | 4/30/2017
                          </h6>
                          <button
                            class="btn btn-sm btn-block btn-primary"
                            type="button"
                          >
                            Show
                          </button>
                        </div>
                      </div>
                    </div>
                  </div>
                  <div
                    class="Col col-md-3"
                  >
                    <div>
                      <div
                        class="card"
                        style="width: 15rem;"
                      >
                        <div
                          class="card-body"
                        >
                          <h5
                            class="card-title"
                          >
                            tylermcginnis
                          </h5>
                          <h6
                            class="card-subtitle mb-2 text-muted"
                          >
                            1:09:PM | 3/15/2017
                          </h6>
                          <button
                            class="btn btn-sm btn-block btn-primary"
                            type="button"
                          >
                            Show
                          </button>
                        </div>
                      </div>
                    </div>
                  </div>
                </div>
              </div>
            </div>
          </div>
        </div>
      </div>
    </div>
  </body>,
  "container": <div>
    <div>
      <div
        class="dropdown"
      >
        <button
          aria-expanded="false"
          class="dropdown-toggle btn btn-primary"
          id="dropdown-basic-button"
          type="button"
        >
          Show Polls
        </button>
      </div>
      <div
        class="container content-center"
      >
        <div>
          <h2>
            New Questions
          </h2>
          <div
            class="container"
          >
            <div
              class="Container container"
            >
              <div
                class="Row row"
              >
                <div
                  class="Col col-md-3"
                >
                  <div>
                    <div
                      class="card"
                      style="width: 15rem;"
                    >
                      <div
                        class="card-body"
                      >
                        <h5
                          class="card-title"
                        >
                          mtsamis
                        </h5>
                        <h6
                          class="card-subtitle mb-2 text-muted"
                        >
                          9:16:PM | 4/30/2017
                        </h6>
                        <button
                          class="btn btn-sm btn-block btn-primary"
                          type="button"
                        >
                          Show
                        </button>
                      </div>
                    </div>
                  </div>
                </div>
                <div
                  class="Col col-md-3"
                >
                  <div>
                    <div
                      class="card"
                      style="width: 15rem;"
                    >
                      <div
                        class="card-body"
                      >
                        <h5
                          class="card-title"
                        >
                          tylermcginnis
                        </h5>
                        <h6
                          class="card-subtitle mb-2 text-muted"
                        >
                          1:09:PM | 3/15/2017
                        </h6>
                        <button
                          class="btn btn-sm btn-block btn-primary"
                          type="button"
                        >
                          Show
                        </button>
                      </div>
                    </div>
                  </div>
                </div>
              </div>
            </div>
          </div>
        </div>
      </div>
    </div>
  </div>,
  "debug": [Function],
  "findAllByAltText": [Function],
  "findAllByDisplayValue": [Function],
  "findAllByLabelText": [Function],
  "findAllByPlaceholderText": [Function],
  "findAllByRole": [Function],
  "findAllByTestId": [Function],
  "findAllByText": [Function],
  "findAllByTitle": [Function],
  "findByAltText": [Function],
  "findByDisplayValue": [Function],
  "findByLabelText": [Function],
  "findByPlaceholderText": [Function],
  "findByRole": [Function],
  "findByTestId": [Function],
  "findByText": [Function],
  "findByTitle": [Function],
  "getAllByAltText": [Function],
  "getAllByDisplayValue": [Function],
  "getAllByLabelText": [Function],
  "getAllByPlaceholderText": [Function],
  "getAllByRole": [Function],
  "getAllByTestId": [Function],
  "getAllByText": [Function],
  "getAllByTitle": [Function],
  "getByAltText": [Function],
  "getByDisplayValue": [Function],
  "getByLabelText": [Function],
  "getByPlaceholderText": [Function],
  "getByRole": [Function],
  "getByTestId": [Function],
  "getByText": [Function],
  "getByTitle": [Function],
  "queryAllByAltText": [Function],
  "queryAllByDisplayValue": [Function],
  "queryAllByLabelText": [Function],
  "queryAllByPlaceholderText": [Function],
  "queryAllByRole": [Function],
  "queryAllByTestId": [Function],
  "queryAllByText": [Function],
  "queryAllByTitle": [Function],
  "queryByAltText": [Function],
  "queryByDisplayValue": [Function],
  "queryByLabelText": [Function],
  "queryByPlaceholderText": [Function],
  "queryByRole": [Function],
  "queryByTestId": [Function],
  "queryByText": [Function],
  "queryByTitle": [Function],
  "rerender": [Function],
  "unmount": [Function],
}
`;
